hello! I am text from a text file.

Isn't that nice?
