overload x1
overload x2
i am so classy
i am 5 times as classy
