scl svar: 0
cl a: 0
cl a: 5
SpecialPrint
printing magic 5
struct 5
